[ERROR] Error executing Maven.
[ERROR] Illegal char <:> at index 66: C:\Users\samud\OneDrive\Desktop\HotelManagementSystem\backend\tyle:never
