[INFO] Scanning for projects...
[INFO] 
[INFO] --------------------< com.hotel:management-system >---------------------
[INFO] Building HotelManagementSystem 0.0.1-SNAPSHOT
[INFO]   from pom.xml
[INFO] --------------------------------[ jar ]---------------------------------
[INFO] 
[INFO] --- clean:3.3.2:clean (default-clean) @ management-system ---
[INFO] Deleting C:\Users\samud\OneDrive\Desktop\HotelManagementSystem\backend\target
[INFO] 
[INFO] --- resources:3.3.1:resources (default-resources) @ management-system ---
[INFO] Copying 1 resource from src\main\resources to target\classes
[INFO] Copying 0 resource from src\main\resources to target\classes
[INFO] 
[INFO] --- compiler:3.11.0:compile (default-compile) @ management-system ---
[INFO] Changes detected - recompiling the module! :source
[INFO] Compiling 34 source files with javac [debug release 17] to target\classes
[INFO] -------------------------------------------------------------
[ERROR] COMPILATION ERROR : 
[INFO] -------------------------------------------------------------
[ERROR] /C:/Users/samud/OneDrive/Desktop/HotelManagementSystem/backend/src/main/java/com/hotel/management/service/AuthService.java:[15,13] cannot find symbol
  symbol:   class CustomerRepository
  location: class com.hotel.management.service.AuthService
[INFO] 1 error
[INFO] -------------------------------------------------------------
[INFO] ------------------------------------------------------------------------
[INFO] BUILD FAILURE
[INFO] ------------------------------------------------------------------------
[INFO] Total time:  2.912 s
[INFO] Finished at: 2026-03-16T14:43:16+05:30
[INFO] ------------------------------------------------------------------------
[ERROR] Failed to execute goal org.apache.maven.plugins:maven-compiler-plugin:3.11.0:compile (default-compile) on project management-system: Compilation failure
[ERROR] /C:/Users/samud/OneDrive/Desktop/HotelManagementSystem/backend/src/main/java/com/hotel/management/service/AuthService.java:[15,13] cannot find symbol
[ERROR]   symbol:   class CustomerRepository
[ERROR]   location: class com.hotel.management.service.AuthService
[ERROR] -> [Help 1]
[ERROR] 
[ERROR] To see the full stack trace of the errors, re-run Maven with the -e switch.
[ERROR] Re-run Maven using the -X switch to enable full debug logging.
[ERROR] 
[ERROR] For more information about the errors and possible solutions, please read the following articles:
[ERROR] [Help 1] http://cwiki.apache.org/confluence/display/MAVEN/MojoFailureException
